// Jest Snapshot v1, https://goo.gl/fbAQLP

exports[`<LocaleToggle /> should match the snapshot 1`] = `
<div
  class="Wrapper-sc-1m7rq1-0 jKbdiN"
>
  <select
    class="Select-sc-1s0suke-0 ivZOxi"
  >
    <option
      value="en"
    >
      en
    </option>
    <option
      value="de"
    >
      de
    </option>
    <option
      value="fr"
    >
      fr
    </option>
  </select>
</div>
`;
