// Jest Snapshot v1, https://goo.gl/fbAQLP

exports[`<HomePage /> should render and match the snapshot 1`] = `
<article>
  <div>
    <section
      class="CenteredSection-sc-3491j-0 cptriy"
    >
      <h2
        class="H2-sc-1k3l3tg-0 dFnJpV"
      >
        <span>
          Start your next react project in seconds
        </span>
      </h2>
      <p>
        <span>
          A highly scalable, offline-first foundation with the best DX and a focus on performance and best practices
        </span>
      </p>
    </section>
    <section
      class="Section-sc-133dfpv-0 jwGgdi"
    >
      <h2
        class="H2-sc-1k3l3tg-0 dFnJpV"
      >
        <span>
          Try me!
        </span>
      </h2>
      <form
        class="Form-sc-2r3yj1-0 bwyyWP"
      >
        <label
          for="username"
        >
          <span>
            Show Github repositories by
          </span>
          <span
            class="AtPrefix-sc-14a1zi6-0 ilukGL"
          >
            <span>
              @
            </span>
          </span>
          <input
            class="Input-mjtufh-0 fOsZim"
            id="username"
            placeholder="mxstbr"
            type="text"
            value=""
          />
        </label>
      </form>
      <div
        class="Wrapper-sc-26pjg1-0 ThSkC"
      >
        <ul
          class="Ul-wtbgf0-0 gGcTVK"
        />
      </div>
    </section>
  </div>
</article>
`;
