// Jest Snapshot v1, https://goo.gl/fbAQLP

exports[`getRepos Saga call descriptor should match snapshot 1`] = `
Object {
  "@@redux-saga/IO": true,
  "SELECT": Object {
    "args": Array [],
    "selector": [Function],
  },
}
`;

exports[`getRepos Saga call descriptor should match snapshot 2`] = `
Object {
  "@@redux-saga/IO": true,
  "CALL": Object {
    "args": Array [
      "https://api.github.com/users/mxstbr/repos?type=all&sort=updated",
    ],
    "context": null,
    "fn": [Function],
  },
}
`;

exports[`getRepos Saga call descriptor should match snapshot 3`] = `
Object {
  "@@redux-saga/IO": true,
  "SELECT": Object {
    "args": Array [],
    "selector": [Function],
  },
}
`;

exports[`getRepos Saga select descriptor should match snapshot 1`] = `
Object {
  "@@redux-saga/IO": true,
  "SELECT": Object {
    "args": Array [],
    "selector": [Function],
  },
}
`;

exports[`getRepos Saga select descriptor should match snapshot 2`] = `
Object {
  "@@redux-saga/IO": true,
  "CALL": Object {
    "args": Array [
      "https://api.github.com/users/mxstbr/repos?type=all&sort=updated",
    ],
    "context": null,
    "fn": [Function],
  },
}
`;

exports[`getRepos Saga select descriptor should match snapshot 3`] = `
Object {
  "@@redux-saga/IO": true,
  "SELECT": Object {
    "args": Array [],
    "selector": [Function],
  },
}
`;

exports[`getRepos Saga should call the repoLoadingError action if the response errors 1`] = `
Object {
  "@@redux-saga/IO": true,
  "SELECT": Object {
    "args": Array [],
    "selector": [Function],
  },
}
`;

exports[`getRepos Saga should call the repoLoadingError action if the response errors 2`] = `
Object {
  "@@redux-saga/IO": true,
  "CALL": Object {
    "args": Array [
      "https://api.github.com/users/mxstbr/repos?type=all&sort=updated",
    ],
    "context": null,
    "fn": [Function],
  },
}
`;

exports[`getRepos Saga should dispatch the reposLoaded action if it requests the data successfully 1`] = `
Object {
  "@@redux-saga/IO": true,
  "SELECT": Object {
    "args": Array [],
    "selector": [Function],
  },
}
`;

exports[`getRepos Saga should dispatch the reposLoaded action if it requests the data successfully 2`] = `
Object {
  "@@redux-saga/IO": true,
  "CALL": Object {
    "args": Array [
      "https://api.github.com/users/mxstbr/repos?type=all&sort=updated",
    ],
    "context": null,
    "fn": [Function],
  },
}
`;
